{
  "schemaVersion": "kova.matrix.run.receipt.v1",
  "generatedAt": "<iso>",
  "mode": "dry-run",
  "runId": "kova-<runId>",
  "profile": {
    "id": "smoke",
    "title": "Smoke Matrix",
    "objective": "Fast OpenClaw coverage across fresh install, plugin dependency, plugin lifecycle, and gateway performance states.",
    "purpose": "regression",
    "entryCount": 11,
    "targetKinds": null,
    "diagnostics": null,
    "calibration": null,
    "gate": null
  },
  "reportPath": "<kova-home>/reports/kova-<runId>-smoke.md",
  "jsonPath": "<kova-home>/reports/kova-<runId>-smoke.json",
  "summaryPath": "<kova-home>/reports/kova-<runId>-smoke.summary.json",
  "bundlePath": "<kova-home>/reports/kova-<runId>-bundle-<sha256>.tar.gz",
  "checksumPath": "<kova-home>/reports/kova-<runId>-bundle-<sha256>.tar.gz.sha256",
  "retainedGateArtifacts": null,
  "gate": null,
  "networkFrontage": {
    "schemaVersion": "kova.networkFrontage.v1",
    "mode": "port",
    "enabled": false,
    "allocations": []
  },
  "performance": {
    "schemaVersion": "kova.performance.v1",
    "repeat": 1,
    "parallel": 1,
    "parallelContaminated": false,
    "groupCount": 11,
    "unstableGroupCount": 0,
    "profiledRunCount": 0,
    "resourceMeasurementScope": "product",
    "resourceHeadlineContract": "primary-role-product-scope-v4",
    "baselineRegressionCount": null,
    "missingBaselineCount": null,
    "skippedMetricCount": null,
    "resourceContractMismatchCount": null,
    "baselineReviewOk": null,
    "baselineReviewBlockerCount": null,
    "savedBaselinePath": null
  },
  "summary": {
    "total": 11,
    "statuses": {
      "DRY-RUN": 11
    }
  }
}
