╔══════════════════════════════════════════════════════════════════════════════╗
║  KOVA  ·  matrix run                                                         ║
╚══════════════════════════════════════════════════════════════════════════════╝
   [DRY-RUN]   11 planned
               mode: dry-run · target: runtime:stable · runId:
               kova-<runId>

  Entries 11   ·   Dry-run 11   ·   Failed 0   ·   Performance 11 groups

─── resource contract ──────────────────────────────────────────────────────────
  Scope      product
  Headline   primary-role-product-scope-v4

─── artifacts ──────────────────────────────────────────────────────────────────
  ◆ markdown    <kova-home>/reports/kova-<runId>-smoke.md
  ◆ json        <kova-home>/reports/kova-<runId>-smoke.json
  ◆ summary     <kova-home>/reports/kova-<runId>-smoke.summary.json
  ◆ bundle      <kova-home>/reports/kova-<runId>-bundle-<sha256>.tar.gz

─── scenarios ──────────────────────────────────────────────────────────────────

scenario                      target          samples  verdict    worst metric
channel-capability-preflight  runtime:stable      0/1  [DRY-RUN]  —
channel-model-turn-baseline   runtime:stable      0/1  [DRY-RUN]  —
release-runtime-startup       runtime:stable      0/1  [DRY-RUN]  —
fresh-install                 runtime:stable      0/1  [DRY-RUN]  —
plugin-lifecycle              runtime:stable      0/1  [DRY-RUN]  —
bundled-plugin-startup        runtime:stable      0/1  [DRY-RUN]  —
gateway-performance           runtime:stable      0/1  [DRY-RUN]  —
agent-cold-warm-message       runtime:stable      0/1  [DRY-RUN]  —
agent-gateway-rpc-turn        runtime:stable      0/1  [DRY-RUN]  —
gateway-session-send-turn     runtime:stable      0/1  [DRY-RUN]  —
openai-compatible-turn        runtime:stable      0/1  [DRY-RUN]  —

─── next ───────────────────────────────────────────────────────────────────────

  → kova report kova-<runId>
  → kova report bundle kova-<runId>
