{
  "schemaVersion": "kova.run.receipt.v1",
  "generatedAt": "<iso>",
  "mode": "dry-run",
  "runId": "kova-<runId>",
  "reportPath": "<kova-home>/reports/kova-<runId>.md",
  "jsonPath": "<kova-home>/reports/kova-<runId>.json",
  "summaryPath": "<kova-home>/reports/kova-<runId>.summary.json",
  "networkFrontage": {
    "schemaVersion": "kova.networkFrontage.v1",
    "mode": "port",
    "enabled": false,
    "allocations": []
  },
  "performance": {
    "schemaVersion": "kova.performance.v1",
    "repeat": 1,
    "parallel": null,
    "parallelContaminated": false,
    "groupCount": 1,
    "unstableGroupCount": 0,
    "profiledRunCount": 0,
    "resourceMeasurementScope": "product",
    "resourceHeadlineContract": "primary-role-product-scope-v4",
    "baselineRegressionCount": null,
    "missingBaselineCount": null,
    "skippedMetricCount": null,
    "resourceContractMismatchCount": null,
    "baselineReviewOk": null,
    "baselineReviewBlockerCount": null,
    "savedBaselinePath": null
  },
  "summary": {
    "total": 1,
    "statuses": {
      "DRY-RUN": 1
    }
  }
}
