╔══════════════════════════════════════════════════════════════════════════════╗
║  KOVA  ·  run                                                                ║
╚══════════════════════════════════════════════════════════════════════════════╝
   [DRY-RUN]   1 planned
               mode: dry-run · target: runtime:stable · runId:
               kova-<runId>

  Total 1   ·   Dry-run █████ 1   ·   Failed ░░░░░ 0   ·   Performance 1 group

─── resource contract ──────────────────────────────────────────────────────────
  Scope      product
  Headline   primary-role-product-scope-v4

─── artifacts ──────────────────────────────────────────────────────────────────
  ◆ markdown    <kova-home>/reports/kova-<runId>.md
  ◆ json        <kova-home>/reports/kova-<runId>.json
  ◆ summary     <kova-home>/reports/kova-<runId>.summary.json

─── scenarios ──────────────────────────────────────────────────────────────────

scenario              samples  verdict    worst metric
fresh-install             0/1  [DRY-RUN]  —

─── next ───────────────────────────────────────────────────────────────────────

  → kova report kova-<runId>
